[M::bwa_idx_load_from_disk] read 0 ALT contigs
[M::bwa_idx_load_from_disk] read 0 ALT contigs
[M::bwa_idx_load_from_disk] read 0 ALT contigs
[M::bwa_idx_load_from_disk] read 0 ALT contigs
[M::process] read 2000 sequences (441623 bp)...
[M::process] read 2000 sequences (479047 bp)...
[M::process] read 2000 sequences (439380 bp)...
[M::process] read 2000 sequences (476079 bp)...
[M::mem_pestat] # candidate unique pairs for (FF, FR, RF, RR): (0, 1000, 0, 0)
[M::mem_pestat] skip orientation FF as there are not enough pairs
[M::mem_pestat] analyzing insert size distribution for orientation FR...
[M::mem_pestat] (25, 50, 75) percentile: (137, 181, 202)
[M::mem_pestat] low and high boundaries for computing mean and std.dev: (7, 332)
[M::mem_pestat] mean and std.dev: (173.12, 43.22)
[M::mem_pestat] low and high boundaries for proper pairs: (1, 397)
[M::mem_pestat] skip orientation RF as there are not enough pairs
[M::mem_pestat] skip orientation RR as there are not enough pairs
[M::mem_pestat] # candidate unique pairs for (FF, FR, RF, RR): (0, 1000, 0, 0)
[M::mem_pestat] skip orientation FF as there are not enough pairs
[M::mem_pestat] analyzing insert size distribution for orientation FR...
[M::mem_pestat] (25, 50, 75) percentile: (137, 178, 202)
[M::mem_pestat] low and high boundaries for computing mean and std.dev: (7, 332)
[M::mem_pestat] mean and std.dev: (171.01, 42.49)
[M::mem_pestat] low and high boundaries for proper pairs: (1, 397)
[M::mem_pestat] skip orientation RF as there are not enough pairs
[M::mem_pestat] skip orientation RR as there are not enough pairs
[M::mem_pestat] # candidate unique pairs for (FF, FR, RF, RR): (0, 1000, 0, 0)
[M::mem_pestat] skip orientation FF as there are not enough pairs
[M::mem_pestat] analyzing insert size distribution for orientation FR...
[M::mem_pestat] (25, 50, 75) percentile: (178, 202, 230)
[M::mem_pestat] low and high boundaries for computing mean and std.dev: (74, 334)
[M::mem_pestat] mean and std.dev: (196.68, 37.18)
[M::mem_pestat] low and high boundaries for proper pairs: (22, 386)
[M::mem_pestat] skip orientation RF as there are not enough pairs
[M::mem_pestat] skip orientation RR as there are not enough pairs
[M::mem_process_seqs] Processed 2000 reads in 0.131 CPU sec, 0.047 real sec
[M::mem_pestat] # candidate unique pairs for (FF, FR, RF, RR): (0, 1000, 0, 0)
[M::mem_pestat] skip orientation FF as there are not enough pairs
[M::mem_pestat] analyzing insert size distribution for orientation FR...
[M::mem_process_seqs] Processed 2000 reads in 0.138 CPU sec, 0.049 real sec
[M::mem_pestat] (25, 50, 75) percentile: (173, 199, 227)
[M::mem_pestat] low and high boundaries for computing mean and std.dev: (65, 335)
[M::mem_pestat] mean and std.dev: (192.27, 38.15)
[M::mem_pestat] low and high boundaries for proper pairs: (11, 389)
[M::mem_pestat] skip orientation RF as there are not enough pairs
[M::mem_pestat] skip orientation RR as there are not enough pairs
[main] Version: 0.7.18-r1243-dirty
[main] CMD: bwa mem -t 4 data/ref/chrM.fa data/raw/M117-bl_1.fq.gz data/raw/M117-bl_2.fq.gz
[main] Real time: 0.057 sec; CPU: 0.140 sec
[M::mem_process_seqs] Processed 2000 reads in 0.157 CPU sec, 0.052 real sec
[main] Version: 0.7.18-r1243-dirty
[main] CMD: bwa mem -t 4 data/ref/chrM.fa data/raw/M117C1-bl_1.fq.gz data/raw/M117C1-bl_2.fq.gz
[main] Real time: 0.059 sec; CPU: 0.147 sec
[M::mem_process_seqs] Processed 2000 reads in 0.144 CPU sec, 0.055 real sec
[main] Version: 0.7.18-r1243-dirty
[main] CMD: bwa mem -t 4 data/ref/chrM.fa data/raw/M117-ch_1.fq.gz data/raw/M117-ch_2.fq.gz
[main] Real time: 0.062 sec; CPU: 0.167 sec
[main] Version: 0.7.18-r1243-dirty
[main] CMD: bwa mem -t 4 data/ref/chrM.fa data/raw/M117C1-ch_1.fq.gz data/raw/M117C1-ch_2.fq.gz
[main] Real time: 0.065 sec; CPU: 0.152 sec
[E::hts_idx_push] Unsorted positions on sequence #1: 16519 followed by 1
[E::sam_index] Read 'M01368:28:000000000-A5KYY:1:1101:10045:12104' with ref_name='chrM', ref_length=16569, flags=163, pos=1 cannot be indexed
samtools index: failed to create index for "results/M117-bl.bam"
[E::hts_idx_push] [E::hts_idx_push] Unsorted positions on sequence #1: 16475 followed by 1Unsorted positions on sequence #1: 16524 followed by 1

[E::sam_index] [E::sam_index] Read 'M01368:13:000000000-A41AR:1:1101:10488:10383' with ref_name='chrM', ref_length=16569, flags=163, pos=1 cannot be indexedRead 'M01368:28:000000000-A5KYY:1:1101:10601:8991' with ref_name='chrM', ref_length=16569, flags=147, pos=1 cannot be indexed

samtools index: samtools index: failed to create index for "results/M117-ch.bam"failed to create index for "results/M117C1-bl.bam"

[E::hts_idx_push] Unsorted positions on sequence #1: 16497 followed by 1
[E::sam_index] Read 'M01368:20:000000000-A46F5:1:1101:10294:8369' with ref_name='chrM', ref_length=16569, flags=163, pos=1 cannot be indexed
samtools index: failed to create index for "results/M117C1-ch.bam"
Checking the headers and starting positions of 1 files
[E::hts_open_format] Failed to open file "results/*.vcf.gz" : No such file or directory
Failed to open: results/*.vcf.gz
[tabix] the compression of '-' is not BGZF
