[M::bwa_idx_load_from_disk] read 0 ALT contigs
[M::process] read 2000 sequences (441623 bp)...
[M::mem_pestat] # candidate unique pairs for (FF, FR, RF, RR): (0, 1000, 0, 0)
[M::mem_pestat] skip orientation FF as there are not enough pairs
[M::mem_pestat] analyzing insert size distribution for orientation FR...
[M::mem_pestat] (25, 50, 75) percentile: (137, 181, 202)
[M::mem_pestat] low and high boundaries for computing mean and std.dev: (7, 332)
[M::mem_pestat] mean and std.dev: (173.12, 43.22)
[M::mem_pestat] low and high boundaries for proper pairs: (1, 397)
[M::mem_pestat] skip orientation RF as there are not enough pairs
[M::mem_pestat] skip orientation RR as there are not enough pairs
[M::mem_process_seqs] Processed 2000 reads in 0.132 CPU sec, 0.036 real sec
[main] Version: 0.7.18-r1243-dirty
[main] CMD: bwa mem -t 4 data/ref/chrM.fa data/raw/M117-bl_1.fq.gz data/raw/M117-bl_2.fq.gz
[main] Real time: 0.077 sec; CPU: 0.143 sec
[bam_sort_core] merging from 0 files and 4 in-memory blocks...
mpileup: invalid option -- 'u'

Usage: samtools mpileup [options] in1.bam [in2.bam [...]]

Input options:
  -6, --illumina1.3+      quality is in the Illumina-1.3+ encoding
  -A, --count-orphans     do not discard anomalous read pairs
  -b, --bam-list FILE     list of input BAM filenames, one per line
  -B, --no-BAQ            disable BAQ (per-Base Alignment Quality)
  -C, --adjust-MQ INT     adjust mapping quality; recommended:50, disable:0 [0]
  -d, --max-depth INT     max per-file depth; avoids excessive memory usage [10000]
  -E, --redo-BAQ          recalculate BAQ on the fly, ignore existing BQs
  -f, --fasta-ref FILE    faidx indexed reference sequence file
  -G, --exclude-RG FILE   exclude read groups listed in FILE
  -l, --positions FILE    skip unlisted positions (chr pos) or regions (BED)
  -q, --min-MQ INT        skip alignments with mapQ smaller than INT [0]
  -Q, --min-BQ INT        skip bases with baseQ/BAQ smaller than INT [13]
  -r, --region REG        region in which pileup is generated
  -R, --ignore-RG         ignore RG tags (one BAM = one sample)
  --rf, --incl-flags STR|INT
                          required flags: only include reads with any of
                          the mask bits set []
  --ff, --excl-flags STR|INT
                          filter flags: skip reads with any of the mask bits set
                                            [UNMAP,SECONDARY,QCFAIL,DUP]
  -x, --ignore-overlaps-removal, --disable-overlap-removal
                          disable read-pair overlap detection and removal
  -X, --customized-index  use customized index files

Output options:
  -o, --output FILE        write output to FILE [standard output]
  -O, --output-BP          output base positions on reads, current orientation
      --output-BP-5        output base positions on reads, 5' to 3' orientation
  -M, --output-mods        output base modifications
  -s, --output-MQ          output mapping quality
      --output-QNAME       output read names
      --output-extra STR   output extra read fields and read tag values
      --output-sep CHAR    set the separator character for tag lists [,]
      --output-empty CHAR  set the no value character for tag lists [*]
      --no-output-ins      skip insertion sequence after +NUM
                           Use twice for complete insertion removal
      --no-output-ins-mods don't display base modifications within insertions
      --no-output-del      skip deletion sequence after -NUM
                           Use twice for complete deletion removal
      --no-output-ends     remove ^MQUAL and $ markup in sequence column
      --reverse-del        use '#' character for deletions on the reverse strand
  -a                       output all positions (including zero depth)
  -a -a (or -aa)           output absolutely all positions, including unused ref. sequences

Generic options:
      --input-fmt-option OPT[=VAL]
               Specify a single input file format option in the form
               of OPTION or OPTION=VALUE
      --reference FILE
               Reference sequence FASTA FILE [null]
      --verbosity INT
               Set level of verbosity

Note that using "samtools mpileup" to generate BCF or VCF files has been
removed.  To output these formats, please use "bcftools mpileup" instead.
Note: none of --samples-file, --ploidy or --ploidy-file given, assuming all sites are diploid
Failed to read from standard input: unknown file type
