[M::bwa_idx_load_from_disk] read 0 ALT contigs
[M::process] read 2000 sequences (441623 bp)...
[M::mem_pestat] # candidate unique pairs for (FF, FR, RF, RR): (0, 1000, 0, 0)
[M::mem_pestat] skip orientation FF as there are not enough pairs
[M::mem_pestat] analyzing insert size distribution for orientation FR...
[M::mem_pestat] (25, 50, 75) percentile: (137, 181, 202)
[M::mem_pestat] low and high boundaries for computing mean and std.dev: (7, 332)
[M::mem_pestat] mean and std.dev: (173.12, 43.22)
[M::mem_pestat] low and high boundaries for proper pairs: (1, 397)
[M::mem_pestat] skip orientation RF as there are not enough pairs
[M::mem_pestat] skip orientation RR as there are not enough pairs
[M::mem_process_seqs] Processed 2000 reads in 0.134 CPU sec, 0.037 real sec
[main] Version: 0.7.18-r1243-dirty
[main] CMD: bwa mem -t 4 -R @RG\tID:M117-bl\tSM:M117-bl\tLB:M117-bl\tPL:ILLUMINA data/ref/chrM.fa data/raw/M117-bl_1.fq.gz data/raw/M117-bl_2.fq.gz
[main] Real time: 0.047 sec; CPU: 0.142 sec
[bam_sort_core] merging from 0 files and 4 in-memory blocks...
INFO [2026-08-26 20:25:50,070]: Using 4 threads with following basic args: lofreq call -f data/ref/chrM.fa results/M117-bl.bam

INFO [2026-08-26 20:25:50,086]: Adding 9 commands to mp-pool
Checking the headers and starting positions of 9 files
Number of substitution tests performed: 591
Number of indel tests performed: 0
INFO [2026-08-26 20:25:51,525]: Executing lofreq filter -i /tmp/lofreq2_call_parallel5otw8l32/concat.vcf.gz -o results/M117-bl.vcf --snvqual-thresh 48 --indelqual-thresh 20

run.sh: line 56: /dev/annot/null: No such file or directory
[main_samview] fail to read the header from "results/M117-bl.vcf".

Usage: samtools view [options] <in.bam>|<in.sam>|<in.cram> [region ...]

Output options:
  -b, --bam                  Output BAM
  -C, --cram                 Output CRAM (requires -T)
  -1, --fast                 Use fast BAM compression (and default to --bam)
  -u, --uncompressed         Uncompressed BAM output (and default to --bam)
  -h, --with-header          Include header in SAM output
  -H, --header-only          Print SAM header only (no alignments)
      --no-header            Print SAM alignment records only [default]
  -c, --count                Print only the count of matching records
  -o, --output FILE          Write output to FILE [standard output]
  -U, --unoutput FILE, --output-unselected FILE
                             Output reads not selected by filters to FILE
  -p, --unmap                Set flag to UNMAP on reads not selected
                             then write to output file.
  -P, --fetch-pairs          Retrieve complete pairs even when outside of region
Input options:
  -t, --fai-reference FILE   FILE listing reference names and lengths
  -M, --use-index            Use index and multi-region iterator for regions
      --region[s]-file FILE  Use index to include only reads overlapping FILE
  -X, --customized-index     Expect extra index file argument after <in.bam>

Filtering options (Only include in output reads that...):
  -L, --target[s]-file FILE  ...overlap (BED) regions in FILE
  -N, --qname-file [^]FILE   ...whose read name is listed in FILE ("^" negates)
  -r, --read-group STR       ...are in read group STR
  -R, --read-group-file [^]FILE
                             ...are in a read group listed in FILE
  -d, --tag STR1[:STR2]      ...have a tag STR1 (with associated value STR2)
  -D, --tag-file STR:FILE    ...have a tag STR whose value is listed in FILE
  -q, --min-MQ INT           ...have mapping quality >= INT
  -l, --library STR          ...are in library STR
  -m, --min-qlen INT         ...cover >= INT query bases (as measured via CIGAR)
  -e, --expr STR             ...match the filter expression STR
  -f, --require-flags FLAG   ...have all of the FLAGs present
  -F, --excl[ude]-flags FLAG ...have none of the FLAGs present
      --rf, --incl-flags, --include-flags FLAG
                             ...have some of the FLAGs present
  -G FLAG                    EXCLUDE reads with all of the FLAGs present
      --subsample FLOAT      Keep only FLOAT fraction of templates/read pairs
      --subsample-seed INT   Influence WHICH reads are kept in subsampling [0]
  -s INT.FRAC                Same as --subsample 0.FRAC --subsample-seed INT

Processing options:
      --add-flags FLAG       Add FLAGs to reads
      --remove-flags FLAG    Remove FLAGs from reads
  -x, --remove-tag STR
               Comma-separated read tags to strip (repeatable) [null]
      --keep-tag STR
               Comma-separated read tags to preserve (repeatable) [null].
               Equivalent to "-x ^STR"
  -B, --remove-B             Collapse the backward CIGAR operation
  -z, --sanitize FLAGS       Perform sanitity checking and fixing on records.
                             FLAGS is comma separated (see manual). [off]

General options:
  -?, --help   Print long help, including note about region specification
  -S           Ignored (input format is auto-detected)
      --no-PG  Do not add a PG line
      --input-fmt-option OPT[=VAL]
               Specify a single input file format option in the form
               of OPTION or OPTION=VALUE
  -O, --output-fmt FORMAT[,OPT[=VAL]]...
               Specify output format (SAM, BAM, CRAM)
      --output-fmt-option OPT[=VAL]
               Specify a single output file format option in the form
               of OPTION or OPTION=VALUE
  -T, --reference FILE
               Reference sequence FASTA FILE [null]
  -@, --threads INT
               Number of additional threads to use [0]
      --write-index
               Automatically index the output files [off]
      --verbosity INT
               Set level of verbosity

