[M::bwa_idx_load_from_disk] read 0 ALT contigs
[M::process] read 2000 sequences (441623 bp)...
[M::mem_pestat] # candidate unique pairs for (FF, FR, RF, RR): (0, 1000, 0, 0)
[M::mem_pestat] skip orientation FF as there are not enough pairs
[M::mem_pestat] analyzing insert size distribution for orientation FR...
[M::mem_pestat] (25, 50, 75) percentile: (137, 181, 202)
[M::mem_pestat] low and high boundaries for computing mean and std.dev: (7, 332)
[M::mem_pestat] mean and std.dev: (173.12, 43.22)
[M::mem_pestat] low and high boundaries for proper pairs: (1, 397)
[M::mem_pestat] skip orientation RF as there are not enough pairs
[M::mem_pestat] skip orientation RR as there are not enough pairs
[M::mem_process_seqs] Processed 2000 reads in 0.133 CPU sec, 0.036 real sec
[main] Version: 0.7.18-r1243-dirty
[main] CMD: bwa mem -t 4 -R @RG\tID:M117-bl\tSM:M117-bl\tLB:M117-bl\tPL:ILLUMINA data/ref/chrM.fa data/raw/M117-bl_1.fq.gz data/raw/M117-bl_2.fq.gz
[main] Real time: 0.045 sec; CPU: 0.141 sec
[bam_sort_core] merging from 0 files and 4 in-memory blocks...
INFO [2026-08-14 13:19:59,669]: Using 4 threads with following basic args: lofreq call --ref data/ref/chrM.fa results/M117-bl.bam

INFO [2026-08-14 13:19:59,685]: Adding 9 commands to mp-pool
Checking the headers and starting positions of 9 files
Number of substitution tests performed: 591
Number of indel tests performed: 0
INFO [2026-08-14 13:20:01,183]: Executing lofreq filter -i /tmp/lofreq2_call_parallelmr8lvp_0/concat.vcf.gz -o results/M117-bl.vcf --snvqual-thresh 48 --indelqual-thresh 20

[M::bwa_idx_load_from_disk] read 0 ALT contigs
[M::process] read 2000 sequences (479047 bp)...
[M::mem_pestat] # candidate unique pairs for (FF, FR, RF, RR): (0, 1000, 0, 0)
[M::mem_pestat] skip orientation FF as there are not enough pairs
[M::mem_pestat] analyzing insert size distribution for orientation FR...
[M::mem_pestat] (25, 50, 75) percentile: (178, 202, 230)
[M::mem_pestat] low and high boundaries for computing mean and std.dev: (74, 334)
[M::mem_pestat] mean and std.dev: (196.68, 37.18)
[M::mem_pestat] low and high boundaries for proper pairs: (22, 386)
[M::mem_pestat] skip orientation RF as there are not enough pairs
[M::mem_pestat] skip orientation RR as there are not enough pairs
[M::mem_process_seqs] Processed 2000 reads in 0.148 CPU sec, 0.042 real sec
[main] Version: 0.7.18-r1243-dirty
[main] CMD: bwa mem -t 4 -R @RG\tID:M117-ch\tSM:M117-ch\tLB:M117-ch\tPL:ILLUMINA data/ref/chrM.fa data/raw/M117-ch_1.fq.gz data/raw/M117-ch_2.fq.gz
[main] Real time: 0.053 sec; CPU: 0.159 sec
[bam_sort_core] merging from 0 files and 4 in-memory blocks...
INFO [2026-08-14 13:20:01,452]: Using 4 threads with following basic args: lofreq call --ref data/ref/chrM.fa results/M117-ch.bam

INFO [2026-08-14 13:20:01,468]: Adding 9 commands to mp-pool
Checking the headers and starting positions of 9 files
Number of substitution tests performed: 801
Number of indel tests performed: 0
INFO [2026-08-14 13:20:03,130]: Executing lofreq filter -i /tmp/lofreq2_call_parallelszvbes6m/concat.vcf.gz -o results/M117-ch.vcf --snvqual-thresh 49 --indelqual-thresh 20

[M::bwa_idx_load_from_disk] read 0 ALT contigs
[M::process] read 2000 sequences (439380 bp)...
[M::mem_pestat] # candidate unique pairs for (FF, FR, RF, RR): (0, 1000, 0, 0)
[M::mem_pestat] skip orientation FF as there are not enough pairs
[M::mem_pestat] analyzing insert size distribution for orientation FR...
[M::mem_pestat] (25, 50, 75) percentile: (137, 178, 202)
[M::mem_pestat] low and high boundaries for computing mean and std.dev: (7, 332)
[M::mem_pestat] mean and std.dev: (171.01, 42.49)
[M::mem_pestat] low and high boundaries for proper pairs: (1, 397)
[M::mem_pestat] skip orientation RF as there are not enough pairs
[M::mem_pestat] skip orientation RR as there are not enough pairs
[M::mem_process_seqs] Processed 2000 reads in 0.143 CPU sec, 0.054 real sec
[main] Version: 0.7.18-r1243-dirty
[main] CMD: bwa mem -t 4 -R @RG\tID:M117C1-bl\tSM:M117C1-bl\tLB:M117C1-bl\tPL:ILLUMINA data/ref/chrM.fa data/raw/M117C1-bl_1.fq.gz data/raw/M117C1-bl_2.fq.gz
[main] Real time: 0.066 sec; CPU: 0.156 sec
[bam_sort_core] merging from 0 files and 4 in-memory blocks...
INFO [2026-08-14 13:20:03,415]: Using 4 threads with following basic args: lofreq call --ref data/ref/chrM.fa results/M117C1-bl.bam

INFO [2026-08-14 13:20:03,432]: Adding 9 commands to mp-pool
Checking the headers and starting positions of 9 files
Number of substitution tests performed: 711
Number of indel tests performed: 0
INFO [2026-08-14 13:20:05,110]: Executing lofreq filter -i /tmp/lofreq2_call_paralleligc1fmrk/concat.vcf.gz -o results/M117C1-bl.vcf --snvqual-thresh 49 --indelqual-thresh 20

[M::bwa_idx_load_from_disk] read 0 ALT contigs
[M::process] read 2000 sequences (476079 bp)...
[M::mem_pestat] # candidate unique pairs for (FF, FR, RF, RR): (0, 1000, 0, 0)
[M::mem_pestat] skip orientation FF as there are not enough pairs
[M::mem_pestat] analyzing insert size distribution for orientation FR...
[M::mem_pestat] (25, 50, 75) percentile: (173, 199, 227)
[M::mem_pestat] low and high boundaries for computing mean and std.dev: (65, 335)
[M::mem_pestat] mean and std.dev: (192.27, 38.15)
[M::mem_pestat] low and high boundaries for proper pairs: (11, 389)
[M::mem_pestat] skip orientation RF as there are not enough pairs
[M::mem_pestat] skip orientation RR as there are not enough pairs
[M::mem_process_seqs] Processed 2000 reads in 0.165 CPU sec, 0.043 real sec
[main] Version: 0.7.18-r1243-dirty
[main] CMD: bwa mem -t 4 -R @RG\tID:M117C1-ch\tSM:M117C1-ch\tLB:M117C1-ch\tPL:ILLUMINA data/ref/chrM.fa data/raw/M117C1-ch_1.fq.gz data/raw/M117C1-ch_2.fq.gz
[main] Real time: 0.054 sec; CPU: 0.176 sec
[bam_sort_core] merging from 0 files and 4 in-memory blocks...
INFO [2026-08-14 13:20:05,367]: Using 4 threads with following basic args: lofreq call --ref data/ref/chrM.fa results/M117C1-ch.bam

INFO [2026-08-14 13:20:05,383]: Adding 9 commands to mp-pool
Checking the headers and starting positions of 9 files
Number of substitution tests performed: 768
Number of indel tests performed: 0
INFO [2026-08-14 13:20:06,942]: Executing lofreq filter -i /tmp/lofreq2_call_parallel35esndad/concat.vcf.gz -o results/M117C1-ch.vcf --snvqual-thresh 49 --indelqual-thresh 20


About:   Extracts fields from VCF/BCF file and prints them in user-defined format
Usage:   bcftools query [options] <A.vcf.gz> [<B.vcf.gz> [...]]

Options:
    -e, --exclude EXPR                Exclude sites for which the expression is true (see man page for details)
        --force-samples               Only warn about unknown subset samples
    -F, --print-filtered STR          Output STR for samples failing the -i/-e filtering expression
    -f, --format STRING               See man page for details
    -H, --print-header                Print header, -HH to omit column indices
    -i, --include EXPR                Select sites for which the expression is true (see man page for details)
    -l, --list-samples                Print the list of samples and exit
    -N, --disable-automatic-newline   Disable automatic addition of newline character when not present
    -o, --output FILE                 Output file name [stdout]
    -r, --regions REGION              Restrict to comma-separated list of regions
    -R, --regions-file FILE           Restrict to regions listed in a file
        --regions-overlap 0|1|2       Include if POS in the region (0), record overlaps (1), variant overlaps (2) [1]
    -s, --samples LIST                List of samples to include
    -S, --samples-file FILE           File of samples to include
    -t, --targets REGION              Similar to -r but streams rather than index-jumps
    -T, --targets-file FILE           Similar to -R but streams rather than index-jumps
        --targets-overlap 0|1|2       Include if POS in the region (0), record overlaps (1), variant overlaps (2) [0]
    -u, --allow-undef-tags            Print "." for undefined tags
    -v, --vcf-list FILE               Process multiple VCFs listed in the file

Examples:
	bcftools query -f '%CHROM\t%POS\t%REF\t%ALT[\t%SAMPLE=%GT]\n' file.vcf.gz
	# For more examples see http://samtools.github.io/bcftools/bcftools.html#query


About:   Extracts fields from VCF/BCF file and prints them in user-defined format
Usage:   bcftools query [options] <A.vcf.gz> [<B.vcf.gz> [...]]

Options:
    -e, --exclude EXPR                Exclude sites for which the expression is true (see man page for details)
        --force-samples               Only warn about unknown subset samples
    -F, --print-filtered STR          Output STR for samples failing the -i/-e filtering expression
    -f, --format STRING               See man page for details
    -H, --print-header                Print header, -HH to omit column indices
    -i, --include EXPR                Select sites for which the expression is true (see man page for details)
    -l, --list-samples                Print the list of samples and exit
    -N, --disable-automatic-newline   Disable automatic addition of newline character when not present
    -o, --output FILE                 Output file name [stdout]
    -r, --regions REGION              Restrict to comma-separated list of regions
    -R, --regions-file FILE           Restrict to regions listed in a file
        --regions-overlap 0|1|2       Include if POS in the region (0), record overlaps (1), variant overlaps (2) [1]
    -s, --samples LIST                List of samples to include
    -S, --samples-file FILE           File of samples to include
    -t, --targets REGION              Similar to -r but streams rather than index-jumps
    -T, --targets-file FILE           Similar to -R but streams rather than index-jumps
        --targets-overlap 0|1|2       Include if POS in the region (0), record overlaps (1), variant overlaps (2) [0]
    -u, --allow-undef-tags            Print "." for undefined tags
    -v, --vcf-list FILE               Process multiple VCFs listed in the file

Examples:
	bcftools query -f '%CHROM\t%POS\t%REF\t%ALT[\t%SAMPLE=%GT]\n' file.vcf.gz
	# For more examples see http://samtools.github.io/bcftools/bcftools.html#query


About:   Extracts fields from VCF/BCF file and prints them in user-defined format
Usage:   bcftools query [options] <A.vcf.gz> [<B.vcf.gz> [...]]

Options:
    -e, --exclude EXPR                Exclude sites for which the expression is true (see man page for details)
        --force-samples               Only warn about unknown subset samples
    -F, --print-filtered STR          Output STR for samples failing the -i/-e filtering expression
    -f, --format STRING               See man page for details
    -H, --print-header                Print header, -HH to omit column indices
    -i, --include EXPR                Select sites for which the expression is true (see man page for details)
    -l, --list-samples                Print the list of samples and exit
    -N, --disable-automatic-newline   Disable automatic addition of newline character when not present
    -o, --output FILE                 Output file name [stdout]
    -r, --regions REGION              Restrict to comma-separated list of regions
    -R, --regions-file FILE           Restrict to regions listed in a file
        --regions-overlap 0|1|2       Include if POS in the region (0), record overlaps (1), variant overlaps (2) [1]
    -s, --samples LIST                List of samples to include
    -S, --samples-file FILE           File of samples to include
    -t, --targets REGION              Similar to -r but streams rather than index-jumps
    -T, --targets-file FILE           Similar to -R but streams rather than index-jumps
        --targets-overlap 0|1|2       Include if POS in the region (0), record overlaps (1), variant overlaps (2) [0]
    -u, --allow-undef-tags            Print "." for undefined tags
    -v, --vcf-list FILE               Process multiple VCFs listed in the file

Examples:
	bcftools query -f '%CHROM\t%POS\t%REF\t%ALT[\t%SAMPLE=%GT]\n' file.vcf.gz
	# For more examples see http://samtools.github.io/bcftools/bcftools.html#query


About:   Extracts fields from VCF/BCF file and prints them in user-defined format
Usage:   bcftools query [options] <A.vcf.gz> [<B.vcf.gz> [...]]

Options:
    -e, --exclude EXPR                Exclude sites for which the expression is true (see man page for details)
        --force-samples               Only warn about unknown subset samples
    -F, --print-filtered STR          Output STR for samples failing the -i/-e filtering expression
    -f, --format STRING               See man page for details
    -H, --print-header                Print header, -HH to omit column indices
    -i, --include EXPR                Select sites for which the expression is true (see man page for details)
    -l, --list-samples                Print the list of samples and exit
    -N, --disable-automatic-newline   Disable automatic addition of newline character when not present
    -o, --output FILE                 Output file name [stdout]
    -r, --regions REGION              Restrict to comma-separated list of regions
    -R, --regions-file FILE           Restrict to regions listed in a file
        --regions-overlap 0|1|2       Include if POS in the region (0), record overlaps (1), variant overlaps (2) [1]
    -s, --samples LIST                List of samples to include
    -S, --samples-file FILE           File of samples to include
    -t, --targets REGION              Similar to -r but streams rather than index-jumps
    -T, --targets-file FILE           Similar to -R but streams rather than index-jumps
        --targets-overlap 0|1|2       Include if POS in the region (0), record overlaps (1), variant overlaps (2) [0]
    -u, --allow-undef-tags            Print "." for undefined tags
    -v, --vcf-list FILE               Process multiple VCFs listed in the file

Examples:
	bcftools query -f '%CHROM\t%POS\t%REF\t%ALT[\t%SAMPLE=%GT]\n' file.vcf.gz
	# For more examples see http://samtools.github.io/bcftools/bcftools.html#query

