date: extra operand ‘/’
Try 'date --help' for more information.
run.sh: line 13: [: : integer expression expected
[bwa_index] Pack FASTA... 0.00 sec
[bwa_index] Construct BWT for the packed sequence...
[bwa_index] 0.00 seconds elapse.
[bwa_index] Update BWT... 0.00 sec
[bwa_index] Pack forward-only FASTA... 0.00 sec
[bwa_index] Construct SA from BWT and Occ... 0.00 sec
[main] Version: 0.7.18-r1243-dirty
[main] CMD: bwa index data/ref/chrM.fa
[main] Real time: 0.043 sec; CPU: 0.007 sec
[M::bwa_idx_load_from_disk] read 0 ALT contigs
[main] Version: 0.7.18-r1243-dirty
[main] CMD: bwa mem -t 4 data/ref/chrM.fa /dev/fd/63 /dev/fd/62
[main] Real time: 0.001 sec; CPU: 0.002 sec
[M::bwa_idx_load_from_disk] read 0 ALT contigs
[main] Version: 0.7.18-r1243-dirty
[main] CMD: bwa mem -t 4 data/ref/chrM.fa /dev/fd/63 /dev/fd/62
[main] Real time: 0.001 sec; CPU: 0.002 sec
[M::bwa_idx_load_from_disk] read 0 ALT contigs
[main] Version: 0.7.18-r1243-dirty
[main] CMD: bwa mem -t 4 data/ref/chrM.fa /dev/fd/63 /dev/fd/62
[main] Real time: 0.001 sec; CPU: 0.002 sec
[M::bwa_idx_load_from_disk] read 0 ALT contigs
[main] Version: 0.7.18-r1243-dirty
[main] CMD: bwa mem -t 4 data/ref/chrM.fa /dev/fd/63 /dev/fd/62
[main] Real time: 0.001 sec; CPU: 0.002 sec
run.sh: line 182: syntax error near unexpected token `}'
