[bwa_aln] 17bp reads: max_diff = 2
[bwa_aln] 38bp reads: max_diff = 3
[bwa_aln] 64bp reads: max_diff = 4
[bwa_aln] 93bp reads: max_diff = 5
[bwa_aln] 124bp reads: max_diff = 6
[bwa_aln] 157bp reads: max_diff = 7
[bwa_aln] 190bp reads: max_diff = 8
[bwa_aln] 225bp reads: max_diff = 9
[bwa_aln_core] calculate SA coordinate... 0.33 sec
[bwa_aln_core] write to the disk... 0.00 sec
[bwa_aln_core] 1000 sequences have been processed.
[main] Version: 0.7.18-r1243-dirty
[main] CMD: bwa aln -t 4 data/ref/chrM.fa data/raw/M117-bl_1.fq.gz
[main] Real time: 0.131 sec; CPU: 0.335 sec
[bwa_aln] 17bp reads: max_diff = 2
[bwa_aln] 38bp reads: max_diff = 3
[bwa_aln] 64bp reads: max_diff = 4
[bwa_aln] 93bp reads: max_diff = 5
[bwa_aln] 124bp reads: max_diff = 6
[bwa_aln] 157bp reads: max_diff = 7
[bwa_aln] 190bp reads: max_diff = 8
[bwa_aln] 225bp reads: max_diff = 9
[bwa_aln_core] calculate SA coordinate... 0.32 sec
[bwa_aln_core] write to the disk... 0.00 sec
[bwa_aln_core] 1000 sequences have been processed.
[main] Version: 0.7.18-r1243-dirty
[main] CMD: bwa aln -t 4 data/ref/chrM.fa data/raw/M117-bl_2.fq.gz
[main] Real time: 0.091 sec; CPU: 0.326 sec
Usage: bwa samse [-n max_occ] [-f out.sam] [-r RG_line] <prefix> <in.sai> <in.fq>
[main_samview] fail to read the header from "-".
