run.sh: line 13: [: 1785888197595561755/1000000000: integer expression expected
[bwa_index] Pack FASTA... 0.00 sec
[bwa_index] Construct BWT for the packed sequence...
[bwa_index] 0.00 seconds elapse.
[bwa_index] Update BWT... 0.00 sec
[bwa_index] Pack forward-only FASTA... 0.00 sec
[bwa_index] Construct SA from BWT and Occ... 0.00 sec
[main] Version: 0.7.18-r1243-dirty
[main] CMD: bwa index data/ref/chrM.fa
[main] Real time: 0.045 sec; CPU: 0.008 sec
index: invalid option -- 't'
Usage: samtools index -M [-bc] [-m INT] <in1.bam> <in2.bam>...
   or: samtools index [-bc] [-m INT] <in.bam> [out.index]
Options:
  -b, --bai            Generate BAI-format index for BAM files [default]
  -c, --csi            Generate CSI-format index for BAM files
  -m, --min-shift INT  Set minimum interval size for CSI indices to 2^INT [14]
  -M                   Interpret all filename arguments as files to be indexed
  -o, --output FILE    Write index to FILE [alternative to <out.index> in args]
  -@, --threads INT    Sets the number of threads [none]
