[M::bwa_idx_load_from_disk] read 0 ALT contigs
[M::process] read 2000 sequences (441623 bp)...
[M::mem_pestat] # candidate unique pairs for (FF, FR, RF, RR): (0, 1000, 0, 0)
[M::mem_pestat] skip orientation FF as there are not enough pairs
[M::mem_pestat] analyzing insert size distribution for orientation FR...
[M::mem_pestat] (25, 50, 75) percentile: (137, 181, 202)
[M::mem_pestat] low and high boundaries for computing mean and std.dev: (7, 332)
[M::mem_pestat] mean and std.dev: (173.12, 43.22)
[M::mem_pestat] low and high boundaries for proper pairs: (1, 397)
[M::mem_pestat] skip orientation RF as there are not enough pairs
[M::mem_pestat] skip orientation RR as there are not enough pairs
[M::mem_process_seqs] Processed 2000 reads in 0.128 CPU sec, 0.036 real sec
[main] Version: 0.7.18-r1243-dirty
[main] CMD: bwa mem -t 4 data/ref/chrM.fa data/raw/M117-bl_1.fq.gz data/raw/M117-bl_2.fq.gz
[main] Real time: 0.045 sec; CPU: 0.136 sec
[bam_sort_core] merging from 0 files and 4 in-memory blocks...
[mpileup] 1 samples in 1 input files
Note: none of --samples-file, --ploidy or --ploidy-file given, assuming all sites are diploid
[mpileup] maximum number of reads per input file set to -d 1000
[M::bwa_idx_load_from_disk] read 0 ALT contigs
[M::process] read 2000 sequences (479047 bp)...
[M::mem_pestat] # candidate unique pairs for (FF, FR, RF, RR): (0, 1000, 0, 0)
[M::mem_pestat] skip orientation FF as there are not enough pairs
[M::mem_pestat] analyzing insert size distribution for orientation FR...
[M::mem_pestat] (25, 50, 75) percentile: (178, 202, 230)
[M::mem_pestat] low and high boundaries for computing mean and std.dev: (74, 334)
[M::mem_pestat] mean and std.dev: (196.68, 37.18)
[M::mem_pestat] low and high boundaries for proper pairs: (22, 386)
[M::mem_pestat] skip orientation RF as there are not enough pairs
[M::mem_pestat] skip orientation RR as there are not enough pairs
[M::mem_process_seqs] Processed 2000 reads in 0.156 CPU sec, 0.042 real sec
[main] Version: 0.7.18-r1243-dirty
[main] CMD: bwa mem -t 4 data/ref/chrM.fa data/raw/M117-ch_1.fq.gz data/raw/M117-ch_2.fq.gz
[main] Real time: 0.052 sec; CPU: 0.167 sec
[bam_sort_core] merging from 0 files and 4 in-memory blocks...
Note: none of --samples-file, --ploidy or --ploidy-file given, assuming all sites are diploid
[mpileup] 1 samples in 1 input files
[mpileup] maximum number of reads per input file set to -d 1000
[M::bwa_idx_load_from_disk] read 0 ALT contigs
[M::process] read 2000 sequences (439380 bp)...
[M::mem_pestat] # candidate unique pairs for (FF, FR, RF, RR): (0, 1000, 0, 0)
[M::mem_pestat] skip orientation FF as there are not enough pairs
[M::mem_pestat] analyzing insert size distribution for orientation FR...
[M::mem_pestat] (25, 50, 75) percentile: (137, 178, 202)
[M::mem_pestat] low and high boundaries for computing mean and std.dev: (7, 332)
[M::mem_pestat] mean and std.dev: (171.01, 42.49)
[M::mem_pestat] low and high boundaries for proper pairs: (1, 397)
[M::mem_pestat] skip orientation RF as there are not enough pairs
[M::mem_pestat] skip orientation RR as there are not enough pairs
[M::mem_process_seqs] Processed 2000 reads in 0.134 CPU sec, 0.038 real sec
[main] Version: 0.7.18-r1243-dirty
[main] CMD: bwa mem -t 4 data/ref/chrM.fa data/raw/M117C1-bl_1.fq.gz data/raw/M117C1-bl_2.fq.gz
[main] Real time: 0.048 sec; CPU: 0.144 sec
[bam_sort_core] merging from 0 files and 4 in-memory blocks...
Note: none of --samples-file, --ploidy or --ploidy-file given, assuming all sites are diploid
[mpileup] 1 samples in 1 input files
[mpileup] maximum number of reads per input file set to -d 1000
[M::bwa_idx_load_from_disk] read 0 ALT contigs
[M::process] read 2000 sequences (476079 bp)...
[M::mem_pestat] # candidate unique pairs for (FF, FR, RF, RR): (0, 1000, 0, 0)
[M::mem_pestat] skip orientation FF as there are not enough pairs
[M::mem_pestat] analyzing insert size distribution for orientation FR...
[M::mem_pestat] (25, 50, 75) percentile: (173, 199, 227)
[M::mem_pestat] low and high boundaries for computing mean and std.dev: (65, 335)
[M::mem_pestat] mean and std.dev: (192.27, 38.15)
[M::mem_pestat] low and high boundaries for proper pairs: (11, 389)
[M::mem_pestat] skip orientation RF as there are not enough pairs
[M::mem_pestat] skip orientation RR as there are not enough pairs
[M::mem_process_seqs] Processed 2000 reads in 0.156 CPU sec, 0.042 real sec
[main] Version: 0.7.18-r1243-dirty
[main] CMD: bwa mem -t 4 data/ref/chrM.fa data/raw/M117C1-ch_1.fq.gz data/raw/M117C1-ch_2.fq.gz
[main] Real time: 0.053 sec; CPU: 0.167 sec
[bam_sort_core] merging from 0 files and 4 in-memory blocks...
[mpileup] 1 samples in 1 input files
Note: none of --samples-file, --ploidy or --ploidy-file given, assuming all sites are diploid
[mpileup] maximum number of reads per input file set to -d 1000
Error: no such tag defined in the VCF header: FORMAT/AF
