[M::bwa_idx_load_from_disk] read 0 ALT contigs
[M::bwa_idx_load_from_disk] read 0 ALT contigs
[M::bwa_idx_load_from_disk] read 0 ALT contigs
[M::bwa_idx_load_from_disk] read 0 ALT contigs
[M::process] read 2000 sequences (441623 bp)...
[M::process] read 2000 sequences (479047 bp)...
[M::process] read 2000 sequences (476079 bp)...
[M::process] read 2000 sequences (439380 bp)...
[M::mem_pestat] # candidate unique pairs for (FF, FR, RF, RR): (0, 1000, 0, 0)
[M::mem_pestat] skip orientation FF as there are not enough pairs
[M::mem_pestat] analyzing insert size distribution for orientation FR...
[M::mem_pestat] (25, 50, 75) percentile: (137, 181, 202)
[M::mem_pestat] low and high boundaries for computing mean and std.dev: (7, 332)
[M::mem_pestat] mean and std.dev: (173.12, 43.22)
[M::mem_pestat] low and high boundaries for proper pairs: (1, 397)
[M::mem_pestat] skip orientation RF as there are not enough pairs
[M::mem_pestat] skip orientation RR as there are not enough pairs
[M::mem_pestat] # candidate unique pairs for (FF, FR, RF, RR): (0, 1000, 0, 0)
[M::mem_pestat] skip orientation FF as there are not enough pairs
[M::mem_pestat] analyzing insert size distribution for orientation FR...
[M::mem_pestat] (25, 50, 75) percentile: (178, 202, 230)
[M::mem_pestat] low and high boundaries for computing mean and std.dev: (74, 334)
[M::mem_pestat] mean and std.dev: (196.68, 37.18)
[M::mem_pestat] low and high boundaries for proper pairs: (22, 386)
[M::mem_pestat] skip orientation RF as there are not enough pairs
[M::mem_pestat] skip orientation RR as there are not enough pairs
[M::mem_process_seqs] Processed 2000 reads in 0.131 CPU sec, 0.043 real sec
[M::mem_pestat] # candidate unique pairs for (FF, FR, RF, RR): (0, 1000, 0, 0)
[M::mem_pestat] skip orientation FF as there are not enough pairs
[M::mem_pestat] analyzing insert size distribution for orientation FR...
[M::mem_pestat] (25, 50, 75) percentile: (173, 199, 227)
[M::mem_pestat] low and high boundaries for computing mean and std.dev: (65, 335)
[M::mem_pestat] mean and std.dev: (192.27, 38.15)
[M::mem_pestat] low and high boundaries for proper pairs: (11, 389)
[M::mem_pestat] skip orientation RF as there are not enough pairs
[M::mem_pestat] skip orientation RR as there are not enough pairs
[main] Version: 0.7.18-r1243-dirty
[main] CMD: bwa mem -t 4 -M data/ref/chrM.fa data/raw/M117-bl_1.fq.gz data/raw/M117-bl_2.fq.gz
[main] Real time: 0.053 sec; CPU: 0.140 sec
[M::mem_pestat] # candidate unique pairs for (FF, FR, RF, RR): (0, 1000, 0, 0)
[M::mem_pestat] skip orientation FF as there are not enough pairs
[M::mem_pestat] analyzing insert size distribution for orientation FR...
[M::mem_pestat] (25, 50, 75) percentile: (137, 178, 202)
[M::mem_pestat] low and high boundaries for computing mean and std.dev: (7, 332)
[M::mem_pestat] mean and std.dev: (171.01, 42.49)
[M::mem_pestat] low and high boundaries for proper pairs: (1, 397)
[M::mem_pestat] skip orientation RF as there are not enough pairs
[M::mem_pestat] skip orientation RR as there are not enough pairs
[M::mem_process_seqs] Processed 2000 reads in 0.151 CPU sec, 0.051 real sec
[M::mem_process_seqs] Processed 2000 reads in 0.147 CPU sec, 0.052 real sec
[main] Version: 0.7.18-r1243-dirty
[main] CMD: bwa mem -t 4 -M data/ref/chrM.fa data/raw/M117C1-ch_1.fq.gz data/raw/M117C1-ch_2.fq.gz
[main] Real time: 0.060 sec; CPU: 0.160 sec
[M::mem_process_seqs] Processed 2000 reads in 0.134 CPU sec, 0.057 real sec
[main] Version: 0.7.18-r1243-dirty
[main] CMD: bwa mem -t 4 -M data/ref/chrM.fa data/raw/M117C1-bl_1.fq.gz data/raw/M117C1-bl_2.fq.gz
[main] Real time: 0.066 sec; CPU: 0.143 sec
[main] Version: 0.7.18-r1243-dirty
[main] CMD: bwa mem -t 4 -M data/ref/chrM.fa data/raw/M117-ch_1.fq.gz data/raw/M117-ch_2.fq.gz
[main] Real time: 0.069 sec; CPU: 0.156 sec
[bam_sort_core] merging from 0 files and 4 in-memory blocks...
[bam_sort_core] merging from 0 files and 4 in-memory blocks...
[bam_sort_core] merging from 0 files and 4 in-memory blocks...
[bam_sort_core] merging from 0 files and 4 in-memory blocks...
CRITICAL [2026-08-05 12:33:53,838]: Parallel wrapper requires --pp-threads [int] as arg (number of threads)
CRITICAL [2026-08-05 12:33:53,843]: Parallel wrapper requires --pp-threads [int] as arg (number of threads)
CRITICAL [2026-08-05 12:33:53,845]: Parallel wrapper requires --pp-threads [int] as arg (number of threads)
CRITICAL [2026-08-05 12:33:53,845]: Parallel wrapper requires --pp-threads [int] as arg (number of threads)
[E::hts_open_format] Failed to open file "results/M117-bl.vcf.gz" : No such file or directory
Failed to read from results/M117-bl.vcf.gz: No such file or directory
