run.sh: line 18: check_ref_indexed: command not found
run.sh: line 38: data: unbound variable
[W::hts_set_opt] Cannot change block size for this format
samtools sort: failed to read header from "-"
run.sh: line 38: data: unbound variable
[W::hts_set_opt] Cannot change block size for this format
samtools sort: failed to read header from "-"
run.sh: line 38: data: unbound variable
[W::hts_set_opt] Cannot change block size for this format
samtools sort: failed to read header from "-"
run.sh: line 38: data: unbound variable
[W::hts_set_opt] Cannot change block size for this format
samtools sort: failed to read header from "-"
call: unrecognized option '--min-qual'
FATAL(lofreq_call.c|main_call:1286): unrecognized arguments found. Exiting...

call: unrecognized option '--min-qual'
FATAL(lofreq_call.c|main_call:1286): unrecognized arguments found. Exiting...

call: unrecognized option '--min-qual'
FATAL(lofreq_call.c|main_call:1286): unrecognized arguments found. Exiting...

call: unrecognized option '--min-qual'
FATAL(lofreq_call.c|main_call:1286): unrecognized arguments found. Exiting...

run.sh: line 104: syntax error near unexpected token `done'
