Aligning M117-ch...
[M::bwa_idx_load_from_disk] read 0 ALT contigs
[M::process] read 2000 sequences (479047 bp)...
[M::mem_pestat] # candidate unique pairs for (FF, FR, RF, RR): (0, 1000, 0, 0)
[M::mem_pestat] skip orientation FF as there are not enough pairs
[M::mem_pestat] analyzing insert size distribution for orientation FR...
[M::mem_pestat] (25, 50, 75) percentile: (178, 202, 230)
[M::mem_pestat] low and high boundaries for computing mean and std.dev: (74, 334)
[M::mem_pestat] mean and std.dev: (196.68, 37.18)
[M::mem_pestat] low and high boundaries for proper pairs: (22, 386)
[M::mem_pestat] skip orientation RF as there are not enough pairs
[M::mem_pestat] skip orientation RR as there are not enough pairs
[M::mem_process_seqs] Processed 2000 reads in 0.164 CPU sec, 0.043 real sec
[main] Version: 0.7.18-r1243-dirty
[main] CMD: bwa mem -t 4 -R @RG\tID:M117-ch\tSM:M117-ch\tLB:M117-ch\tPL:ILLUMINA data/ref/chrM.fa data/raw/M117-ch_1.fq.gz data/raw/M117-ch_2.fq.gz
[main] Real time: 0.053 sec; CPU: 0.173 sec
[bam_sort_core] merging from 0 files and 4 in-memory blocks...
Calling variants for M117-ch...
Traceback (most recent call last):
  File "/home/anton/miniforge3/envs/bench/bin/lofreq2_call_pparallel.py", line 751, in <module>
    main()
  File "/home/anton/miniforge3/envs/bench/bin/lofreq2_call_pparallel.py", line 513, in main
    sig_opt = float(lofreq_call_args[idx+1])
              ^^^^^^^^^^^^^^^^^^^^^^^^^^^^^^
ValueError: could not convert string to float: '--bonf'
