[M::bwa_idx_load_from_disk] read 0 ALT contigs
[M::process] read 2000 sequences (441623 bp)...
[M::mem_pestat] # candidate unique pairs for (FF, FR, RF, RR): (0, 1000, 0, 0)
[M::mem_pestat] skip orientation FF as there are not enough pairs
[M::mem_pestat] analyzing insert size distribution for orientation FR...
[M::mem_pestat] (25, 50, 75) percentile: (137, 181, 202)
[M::mem_pestat] low and high boundaries for computing mean and std.dev: (7, 332)
[M::mem_pestat] mean and std.dev: (173.12, 43.22)
[M::mem_pestat] low and high boundaries for proper pairs: (1, 397)
[M::mem_pestat] skip orientation RF as there are not enough pairs
[M::mem_pestat] skip orientation RR as there are not enough pairs
[M::mem_process_seqs] Processed 2000 reads in 0.140 CPU sec, 0.039 real sec
[main] Version: 0.7.18-r1243-dirty
[main] CMD: bwa mem -t 4 -R @RG\tID:M117-bl\tSM:M117-bl\tLB:M117-bl\tPL:ILLUMINA data/ref/chrM.fa data/raw/M117-bl_1.fq.gz data/raw/M117-bl_2.fq.gz
[main] Real time: 0.081 sec; CPU: 0.149 sec
[bam_sort_core] merging from 0 files and 4 in-memory blocks...
INFO [2026-08-24 16:10:24,975]: Using 4 threads with following basic args: lofreq call -f data/ref/chrM.fa -b results/M117-bl.bam

INFO [2026-08-24 16:10:24,990]: Adding 9 commands to mp-pool
CRITICAL [2026-08-24 16:10:25,017]: Following command failed with status 1: lofreq call -f data/ref/chrM.fa -b results/M117-bl.bam --no-default-filter -r "chrM:4143-6213" -o /tmp/lofreq2_call_parallelarj9v50q/2.vcf.gz > /tmp/lofreq2_call_parallelarj9v50q/2.log 2>&1
CRITICAL [2026-08-24 16:10:25,017]: Following command failed with status 1: lofreq call -f data/ref/chrM.fa -b results/M117-bl.bam --no-default-filter -r "chrM:2072-4142" -o /tmp/lofreq2_call_parallelarj9v50q/1.vcf.gz > /tmp/lofreq2_call_parallelarj9v50q/1.log 2>&1
CRITICAL [2026-08-24 16:10:25,017]: Following command failed with status 1: lofreq call -f data/ref/chrM.fa -b results/M117-bl.bam --no-default-filter -r "chrM:6214-8284" -o /tmp/lofreq2_call_parallelarj9v50q/3.vcf.gz > /tmp/lofreq2_call_parallelarj9v50q/3.log 2>&1
CRITICAL [2026-08-24 16:10:25,017]: Following command failed with status 1: lofreq call -f data/ref/chrM.fa -b results/M117-bl.bam --no-default-filter -r "chrM:1-2071" -o /tmp/lofreq2_call_parallelarj9v50q/0.vcf.gz > /tmp/lofreq2_call_parallelarj9v50q/0.log 2>&1
CRITICAL [2026-08-24 16:10:25,026]: Following command failed with status 1: lofreq call -f data/ref/chrM.fa -b results/M117-bl.bam --no-default-filter -r "chrM:14498-15533" -o /tmp/lofreq2_call_parallelarj9v50q/7.vcf.gz > /tmp/lofreq2_call_parallelarj9v50q/7.log 2>&1
CRITICAL [2026-08-24 16:10:25,026]: Following command failed with status 1: lofreq call -f data/ref/chrM.fa -b results/M117-bl.bam --no-default-filter -r "chrM:10356-12426" -o /tmp/lofreq2_call_parallelarj9v50q/5.vcf.gz > /tmp/lofreq2_call_parallelarj9v50q/5.log 2>&1
CRITICAL [2026-08-24 16:10:25,026]: Following command failed with status 1: lofreq call -f data/ref/chrM.fa -b results/M117-bl.bam --no-default-filter -r "chrM:12427-14497" -o /tmp/lofreq2_call_parallelarj9v50q/6.vcf.gz > /tmp/lofreq2_call_parallelarj9v50q/6.log 2>&1
CRITICAL [2026-08-24 16:10:25,026]: Following command failed with status 1: lofreq call -f data/ref/chrM.fa -b results/M117-bl.bam --no-default-filter -r "chrM:8285-10355" -o /tmp/lofreq2_call_parallelarj9v50q/4.vcf.gz > /tmp/lofreq2_call_parallelarj9v50q/4.log 2>&1
CRITICAL [2026-08-24 16:10:25,037]: Following command failed with status 1: lofreq call -f data/ref/chrM.fa -b results/M117-bl.bam --no-default-filter -r "chrM:15534-16569" -o /tmp/lofreq2_call_parallelarj9v50q/8.vcf.gz > /tmp/lofreq2_call_parallelarj9v50q/8.log 2>&1
CRITICAL [2026-08-24 16:10:25,039]: Some commands in pool failed. Can't continue
